// Jest Snapshot v1, https://goo.gl/fbAQLP

exports[`works 1`] = `"var logger=getLogger('/redux/counter/messageSlice');var test=function test(){logger.info();};"`;
